// Jest Snapshot v1, https://goo.gl/fbAQLP

exports[`Test para PerdirMotivo Validando toMatchSnapshot 1`] = `
<Modal
  animation={true}
  autoFocus={true}
  backdrop={true}
  bsClass="modal"
  dialogComponentClass={[Function]}
  enforceFocus={true}
  keyboard={true}
  manager={
    ModalManager {
      "add": [Function],
      "containers": Array [],
      "data": Array [],
      "handleContainerOverflow": true,
      "hideSiblingNodes": true,
      "isTopModal": [Function],
      "modals": Array [],
      "remove": [Function],
    }
  }
  onHide={[Function]}
  renderBackdrop={[Function]}
  restoreFocus={true}
  show={false}
>
  <ModalHeader
    bsClass="modal-header"
    closeButton={false}
    closeLabel="Close"
  >
    <ModalTitle
      bsClass="modal-title"
      componentClass="h4"
    />
  </ModalHeader>
  <Form>
    <ModalBody
      bsClass="modal-body"
      componentClass="div"
    >
      <Field
        component={[Function]}
        name="motivoIngresado"
        style={
          Object {
            "width": "506px",
          }
        }
        type="textarea"
      />
    </ModalBody>
    <ModalFooter
      bsClass="modal-footer"
      componentClass="div"
    >
      <Button
        active={false}
        block={false}
        bsClass="btn"
        bsStyle="success"
        disabled={true}
        type="submit"
      >
        Enviar
      </Button>
    </ModalFooter>
  </Form>
</Modal>
`;
